// Jest Snapshot v1, https://goo.gl/fbAQLP

exports[`Pages With Snapshot Testing snapshot AccountPage Component 1`] = `
<div
  className="jsx-1943351365 accountContainer"
>
  <div
    className="jsx-2021370696"
  >
    <div
      className="jsx-2021370696 coverPhoto"
    />
    <p
      className="jsx-2021370696 sellerId"
    />
    <p
      className="jsx-2021370696 sellerName"
    />
    <div
      className="jsx-2021370696 kitchenInfo"
    >
      <div
        className="jsx-2021370696 name"
      >
        <div
          className="jsx-2021370696 kitchenName"
        >
          <span
            className="jsx-2021370696 smallTitle"
          >
            Kitchen Name
          </span>
          <span
            className="jsx-2021370696 contentText"
          />
        </div>
        <div
          className="jsx-2021370696 userName"
        >
          <span
            className="jsx-2021370696 smallTitle"
          >
            User Name
          </span>
          <span
            className="jsx-2021370696 contentText"
          />
        </div>
      </div>
      <div
        className="jsx-2021370696 description"
      >
        <span
          className="jsx-2021370696 smallTitle"
        >
          Kitchen Description
        </span>
        <p
          className="jsx-2021370696 contentText"
        >
          
        </p>
      </div>
      <div
        className="jsx-2021370696 name"
      >
        <div
          className="jsx-2021370696 kitchenName"
        >
          <span
            className="jsx-2021370696 smallTitle"
          >
            Phone Number
          </span>
          <span
            className="jsx-2021370696 contentText"
          />
        </div>
        <div
          className="jsx-2021370696 userName"
        >
          <span
            className="jsx-2021370696 smallTitle"
          >
            Email Address
          </span>
          <span
            className="jsx-2021370696 contentText"
          />
        </div>
      </div>
      <div
        className="jsx-2021370696 buttonGroup"
      >
        <button
          className="jsx-675350272 
      button
      primary
      small
    "
          onClick={[Function]}
          type="button"
        >
          UPDATE
        </button>
      </div>
    </div>
    <div
      className="jsx-2021370696 additionalInfo"
    >
      <p
        className="jsx-2021370696 smallTitle"
      >
        Bank Account
      </p>
      <div
        className="jsx-2021370696 infoContent"
      >
        <div
          className="jsx-2021370696 left"
        >
          <span
            className="jsx-2021370696 contentText"
          >
            000 000 0000
          </span>
        </div>
        <div
          className="jsx-2021370696 right"
        >
          <button
            className="jsx-675350272 
      button
      primary
      small
    "
            onClick={[Function]}
            type="button"
          >
            EDIT
          </button>
        </div>
      </div>
    </div>
    <div
      className="jsx-2021370696 additionalInfo"
    >
      <p
        className="jsx-2021370696 smallTitle"
      >
        Password
      </p>
      <div
        className="jsx-2021370696 infoContent"
      >
        <div
          className="jsx-2021370696 left"
        >
          <span
            className="jsx-2021370696 contentText"
          >
            ******
          </span>
        </div>
        <div
          className="jsx-2021370696 right"
        >
          <button
            className="jsx-675350272 
      button
      primary
      small
    "
            onClick={[Function]}
            type="button"
          >
            UPDATE
          </button>
        </div>
      </div>
    </div>
  </div>
</div>
`;
