// Jest Snapshot v1, https://goo.gl/fbAQLP

exports[`Pages With Snapshot Testing snapshot AccountPage Component 1`] = `
<DashboardContentLayout>
  <AccountDetail
    account={Object {}}
    onUpdate={[Function]}
    t={[Function]}
  />
  <JSXStyle
    css=""
    styleId="2085888330"
  />
</DashboardContentLayout>
`;
