// Jest Snapshot v1, https://goo.gl/fbAQLP

exports[`Pages With Snapshot Testing snapshot AccountDetail Component 1`] = `
<div
  className="jsx-3545447565"
>
  <div
    className="jsx-3545447565 coverPhoto"
  />
  <p
    className="jsx-3545447565 sellerId"
  >
    @MomooKitchen
  </p>
  <p
    className="jsx-3545447565 sellerName"
  >
    bible
  </p>
  <div
    className="jsx-3545447565 kitchenInfo"
  >
    <div
      className="jsx-3545447565 name"
    >
      <div
        className="jsx-3545447565 kitchenName"
      >
        <span
          className="jsx-3545447565 smallTitle"
        >
          Kitchen Name
        </span>
        <span
          className="jsx-3545447565 contentText"
        >
          @MomooKitchen
        </span>
      </div>
      <div
        className="jsx-3545447565 userName"
      >
        <span
          className="jsx-3545447565 smallTitle"
        >
          User Name
        </span>
        <span
          className="jsx-3545447565 contentText"
        >
          bible
        </span>
      </div>
    </div>
    <div
      className="jsx-3545447565 description"
    >
      <span
        className="jsx-3545447565 smallTitle"
      >
        Kitchen Description
      </span>
      <p
        className="jsx-3545447565 contentText"
      >
        
      </p>
    </div>
    <div
      className="jsx-3545447565 name"
    >
      <div
        className="jsx-3545447565 kitchenName"
      >
        <span
          className="jsx-3545447565 smallTitle"
        >
          Phone Number
        </span>
        <span
          className="jsx-3545447565 contentText"
        >
          8868008000
        </span>
      </div>
      <div
        className="jsx-3545447565 userName"
      >
        <span
          className="jsx-3545447565 smallTitle"
        >
          Email Address
        </span>
        <span
          className="jsx-3545447565 contentText"
        >
          momoochen@gmail.com
        </span>
      </div>
    </div>
    <div
      className="jsx-3545447565 buttonGroup"
    >
      <button
        className="jsx-675350272 
      button
      primary
      small
    "
        onClick={[Function]}
        type="button"
      >
        UPDATE
      </button>
    </div>
  </div>
  <div
    className="jsx-3545447565 additionalInfo"
  >
    <p
      className="jsx-3545447565 smallTitle"
    >
      Bank Account
    </p>
    <div
      className="jsx-3545447565 infoContent"
    >
      <div
        className="jsx-3545447565 left"
      >
        <span
          className="jsx-3545447565 contentText"
        >
          000 000 0000
        </span>
      </div>
      <div
        className="jsx-3545447565 right"
      >
        <button
          className="jsx-675350272 
      button
      primary
      small
    "
          onClick={[Function]}
          type="button"
        >
          EDIT
        </button>
      </div>
    </div>
  </div>
  <div
    className="jsx-3545447565 additionalInfo"
  >
    <p
      className="jsx-3545447565 smallTitle"
    >
      Password
    </p>
    <div
      className="jsx-3545447565 infoContent"
    >
      <div
        className="jsx-3545447565 left"
      >
        <span
          className="jsx-3545447565 contentText"
        >
          ******
        </span>
      </div>
      <div
        className="jsx-3545447565 right"
      >
        <button
          className="jsx-675350272 
      button
      primary
      small
    "
          onClick={[Function]}
          type="button"
        >
          UPDATE
        </button>
      </div>
    </div>
  </div>
</div>
`;
