// Jest Snapshot v1, https://goo.gl/fbAQLP

exports[`Pages With Snapshot Testing snapshot AccountEdit Component 1`] = `
<div
  className="jsx-2427576136 dashboard-content"
>
  <div
    className="jsx-2427576136 dashboard-content__form"
  >
    <div
      className="jsx-2427576136 update-cover-photo"
      onClick={[Function]}
      role="button"
      tabIndex="-1"
    >
      <input
        className="jsx-2427576136 hidden"
        onChange={[Function]}
        type="file"
      />
      <img
        alt="cover"
        className="jsx-2427576136 coverPhoto"
        src="../static/pancake.jpg"
      />
      <div
        className="jsx-2427576136 update-cover-photo__title"
      >
        <i
          aria-hidden="true"
          className="jsx-2427576136 fa fa-camera update-cover-photo__icon"
        />
        <span
          className="jsx-2427576136"
        >
          Update your cover photo
        </span>
      </div>
    </div>
    <div
      className="jsx-2427576136 update-profile-image"
    >
      <input
        className="jsx-2427576136 hidden"
        onChange={[Function]}
        type="file"
      />
      <div
        className="jsx-2427576136 update-profile-image__avatar"
        onClick={[Function]}
        role="button"
        tabIndex="-1"
      >
        <img
          alt="profile"
          className="jsx-2427576136 profileImage"
          src="../static/avatar.jpg"
        />
        <i
          aria-hidden="true"
          className="jsx-2427576136 fa fa-camera update-profile-image__avatar-camera-icon"
        />
      </div>
      <div
        className="jsx-2427576136 update-profile-image__description"
      >
        <span
          className="jsx-2427576136 update-profile-image__description-title"
        >
          Profile Image
        </span>
        <span
          className="jsx-2427576136 update-profile-image__description-subtitle"
        >
          Add Image Add Image Add Image
        </span>
      </div>
    </div>
    <div
      className="jsx-2427576136 bank-info"
    >
      <p
        className="jsx-2427576136 bank-info__title"
      >
        Kitchen Name*
      </p>
      <p
        className="jsx-2427576136 bank-info__subtitle"
      >
        Add Images Add Images Add Images
      </p>
      <div
        className="jsx-3069508068"
      >
        <input
          className="jsx-3069508068 
        textInput
        large
      "
          onChange={[Function]}
          placeholder="Enter Kitchen Name"
          type="text"
          value=""
        />
      </div>
    </div>
    <div
      className="jsx-2427576136 bank-info"
    >
      <p
        className="jsx-2427576136 bank-info__title"
      >
        Kitchen Description*
      </p>
      <p
        className="jsx-2427576136 bank-info__subtitle"
      >
        Add Images Add Images Add Images
      </p>
      <textarea
        className="jsx-2427576136 bank-info__text-area"
        onChange={[Function]}
        type="text"
        value=""
      />
    </div>
    <div
      className="jsx-2427576136 bank-info"
    >
      <p
        className="jsx-2427576136 bank-info__title"
      >
        User Name*
      </p>
      <p
        className="jsx-2427576136 bank-info__subtitle"
      >
        Add Images Add Images Add Images
      </p>
      <div
        className="jsx-2427576136 inputGroup"
      >
        <div
          className="jsx-3069508068"
        >
          <input
            className="jsx-3069508068 
        textInput
        small
      "
            onChange={[Function]}
            placeholder="Enter Kitchen Name"
            type="text"
            value=""
          />
        </div>
        <div
          className="jsx-3069508068"
        >
          <input
            className="jsx-3069508068 
        textInput
        small
      "
            onChange={[Function]}
            placeholder="Enter Kitchen Name"
            type="text"
            value=""
          />
        </div>
      </div>
    </div>
    <div
      className="jsx-2427576136 two-div"
    >
      <div
        className="jsx-2427576136 left"
      >
        <p
          className="jsx-2427576136 bank-info__title"
        >
          Phone Number*
        </p>
        <p
          className="jsx-2427576136 bank-info__subtitle"
        >
          Add Images Add Images Add Images
        </p>
        <div
          className="jsx-3069508068"
        >
          <input
            className="jsx-3069508068 
        textInput
        small
      "
            onChange={[Function]}
            placeholder="Enter Kitchen Name"
            type="text"
            value=""
          />
        </div>
      </div>
      <div
        className="jsx-2427576136 right"
      >
        <p
          className="jsx-2427576136 bank-info__title"
        >
          Email Address*
        </p>
        <p
          className="jsx-2427576136 bank-info__subtitle"
        >
          Add Images Add Images Add Images
        </p>
        <div
          className="jsx-3069508068"
        >
          <input
            className="jsx-3069508068 
        textInput
        small
      "
            onChange={[Function]}
            placeholder="Enter Kitchen Name"
            type="text"
            value=""
          />
        </div>
      </div>
    </div>
  </div>
  <div
    className="jsx-2427576136 buttonGroup"
  >
    <div
      className="jsx-2427576136"
    >
      <button
        className="jsx-675350272 
      button
      greenBorderOnly
      small
    "
        onClick={undefined}
        type="button"
      >
        CANCEL
      </button>
    </div>
    <div
      className="jsx-2427576136"
    >
      <button
        className="jsx-675350272 
      button
      primary
      small
    "
        onClick={[Function]}
        type="button"
      >
        SAVE
      </button>
    </div>
  </div>
</div>
`;
