// Jest Snapshot v1, https://goo.gl/fbAQLP

exports[`Pages With Snapshot Testing snapshot DeliveryList Component 1`] = `
<div
  className="jsx-4281379946"
>
  <div
    className="jsx-4281379946 header"
  >
    <span
      className="jsx-4281379946 title"
    >
      Delivery List
    </span>
    <div
      className="jsx-4281379946 addButton"
    >
      <div
        className="jsx-4281379946 plus"
        onClick={[Function]}
        role="link"
        tabIndex="-1"
      />
    </div>
  </div>
  <div
    className="jsx-4281379946 deliveryList"
  >
    <div
      className="jsx-4281379946 delivery-item"
    >
      <div
        className="jsx-4281379946 delivery-content"
      >
        <p
          className="jsx-4281379946 delivery-title"
        >
          Rakuten Crimson House
        </p>
        <p
          className="jsx-4281379946 delivery-detail"
        >
          <span
            className="jsx-4281379946 delivery-subtext"
          >
            Shipping Cost:
          </span>
        </p>
      </div>
      <div
        className="jsx-4281379946 buttonWrapper"
      >
        <button
          className="jsx-675350272 
      button
      primary
      small
    "
          onClick={[Function]}
          type="button"
        >
          UPDATE
        </button>
      </div>
    </div>
  </div>
</div>
`;
