// Jest Snapshot v1, https://goo.gl/fbAQLP

exports[`Pages With Snapshot Testing snapshot DeliveryList Component 1`] = `
<div
  className="jsx-2398149190"
>
  <div
    className="jsx-2398149190 header"
  >
    <span
      className="jsx-2398149190 title"
    >
      Delivery List
    </span>
    <div
      className="jsx-2398149190 addButton"
      onClick={[Function]}
      role="link"
      tabIndex="-1"
    >
      <i
        aria-hidden="true"
        className="jsx-2398149190 fa fa-plus plus-icon"
      />
    </div>
  </div>
  <div
    className="jsx-2398149190 delivery-list"
  >
    <div
      className="jsx-2398149190 delivery-item"
    >
      <div
        className="jsx-2398149190 delivery-content"
      >
        <p
          className="jsx-2398149190 delivery-title"
        >
          Rakuten Crimson House
        </p>
        <p
          className="jsx-2398149190 delivery-detail"
        >
          <span
            className="jsx-2398149190 delivery-subtext"
          >
            Shipping Cost:
          </span>
        </p>
      </div>
      <button
        className="jsx-675350272 
      button
      primary
      small
    "
        onClick={[Function]}
        type="button"
      >
        UPDATE
      </button>
    </div>
  </div>
</div>
`;
