// Jest Snapshot v1, https://goo.gl/fbAQLP

exports[`Pages With Snapshot Testing snapshot DeliveryEdit Component 1`] = `
<div
  className="jsx-4277715105 dashboard-content"
>
  <p
    className="jsx-4277715105 dashboard-content__title"
  >
    Edit Delivery
  </p>
  <div
    className="jsx-4277715105 editContainer"
  >
    <div
      className="jsx-4277715105 meetupLocation"
    >
      <h3
        className="jsx-4277715105 title"
      >
        Meet up location
      </h3>
      <p
        className="jsx-4277715105 subtitle"
      >
        Location and Time
      </p>
      <div
        className="jsx-2276495436 container"
      >
        <div
          className="jsx-2276495436 mapWrapper"
          id="map"
        />
        <[MOCK]Geosuggest
          initialValue=""
          onChange={[Function]}
          onSuggestSelect={[Function]}
          placeholder="Enter meet up address"
        />
        <style>
          
          .geosuggest {
            position: relative;
            width: 511px;
            margin-bottom: 13px;
          }
          .geosuggest__input {
            outline: none;
            border-radius: 4px;
            height: 44px;
            background-color: #ffffff;
            padding-left: 18px;
            font-size: 14px;
            font-weight: 500;
            width: 511px;
            border: 2px solid transparent;
            box-shadow: 0 0 1px #3d464d;
            transition: border 0.2s, box-shadow 0.2s;
          }
          .geosuggest__input:focus {
            border-color: #3e9f40;
            box-shadow: 0 0 0 transparent;
          }
          .geosuggest__suggests {
            position: absolute;
            top: 100%;
            left: 0;
            right: 0;
            max-height: 25em;
            padding-left: 18px;
            width: 511px;
            height: 161px;
            margin-top: -1px;
            background: #fff;
            border: 2px solid #267dc0;
            border-top-width: 0;
            overflow-x: hidden;
            overflow-y: auto;
            list-style: none;
            z-index: 5;
            transition: max-height 0.2s, border 0.2s;
          }
          .geosuggest__suggests--hidden {
            max-height: 0;
            overflow: hidden;
            border-width: 0;
          }

          .geosuggest__item {
            font-size: 18px;
            font-size: 1rem;
            padding: .5em .65em;
            cursor: pointer;
          }

          .geosuggest__item:hover,
          .geosuggest__item:focus {
            background: #f5f5f5;
          }

          .geosuggest__item--active {
            background: #267dc0;
            color: #fff;
          }
          .geosuggest__item--active:hover,
          .geosuggest__item--active:focus {
            background: #ccc;
          }
          .geosuggest__item__matched-text {
            font-weight: 500;
          }

          .geosuggest__input-wrapper &gt; input::placeholder {
            line-height: 1.14;
            color: #b9b9b9;
          }

        
        </style>
      </div>
    </div>
    <div
      className="jsx-4277715105 meetupDate"
    >
      <h3
        className="jsx-4277715105 title"
      >
        Meet up date
      </h3>
      <p
        className="jsx-4277715105 subtitle"
      >
        Select Date
      </p>
      <div
        className="jsx-4277715105 checkboxGroup"
      >
        <span
          className="jsx-4277715105 checkbox"
        >
          <div
            className="jsx-2607049475 checkboxContainer"
          >
            <button
              className="jsx-2607049475 uncheckedIcon"
              onClick={[Function]}
              type="button"
            />
            <div
              className="jsx-2607049475 checkboxLabel"
            >
              Monday
            </div>
          </div>
        </span>
        <span
          className="jsx-4277715105 checkbox"
        >
          <div
            className="jsx-2607049475 checkboxContainer"
          >
            <button
              className="jsx-2607049475 uncheckedIcon"
              onClick={[Function]}
              type="button"
            />
            <div
              className="jsx-2607049475 checkboxLabel"
            >
              Tuesday
            </div>
          </div>
        </span>
        <span
          className="jsx-4277715105 checkbox"
        >
          <div
            className="jsx-2607049475 checkboxContainer"
          >
            <button
              className="jsx-2607049475 uncheckedIcon"
              onClick={[Function]}
              type="button"
            />
            <div
              className="jsx-2607049475 checkboxLabel"
            >
              Wednesday
            </div>
          </div>
        </span>
        <span
          className="jsx-4277715105 checkbox"
        >
          <div
            className="jsx-2607049475 checkboxContainer"
          >
            <button
              className="jsx-2607049475 uncheckedIcon"
              onClick={[Function]}
              type="button"
            />
            <div
              className="jsx-2607049475 checkboxLabel"
            >
              Thursday
            </div>
          </div>
        </span>
        <span
          className="jsx-4277715105 checkbox"
        >
          <div
            className="jsx-2607049475 checkboxContainer"
          >
            <button
              className="jsx-2607049475 uncheckedIcon"
              onClick={[Function]}
              type="button"
            />
            <div
              className="jsx-2607049475 checkboxLabel"
            >
              Friday
            </div>
          </div>
        </span>
        <span
          className="jsx-4277715105 checkbox"
        >
          <div
            className="jsx-2607049475 checkboxContainer"
          >
            <button
              className="jsx-2607049475 uncheckedIcon"
              onClick={[Function]}
              type="button"
            />
            <div
              className="jsx-2607049475 checkboxLabel"
            >
              Saturday
            </div>
          </div>
        </span>
        <span
          className="jsx-4277715105 checkbox"
        >
          <div
            className="jsx-2607049475 checkboxContainer"
          >
            <button
              className="jsx-2607049475 uncheckedIcon"
              onClick={[Function]}
              type="button"
            />
            <div
              className="jsx-2607049475 checkboxLabel"
            >
              Sunday
            </div>
          </div>
        </span>
      </div>
    </div>
    <h3
      className="jsx-4277715105 title"
    >
      Meet up time
    </h3>
    <div
      className="jsx-4277715105 meetupTime"
    >
      <div
        className="jsx-4277715105 smallInputContainer"
      >
        <span
          className="jsx-4277715105 subtitle"
        >
          From
        </span>
        <div
          className="jsx-354040114 selectBoxWrapper"
        >
          <button
            className="jsx-354040114 
            buttonWrapper
            
          "
            onClick={[Function]}
            type="button"
          >
            <span
              className="jsx-354040114 placeholder "
            >
              24:00
            </span>
            <div
              className="jsx-354040114 dropdownIcon"
            />
          </button>
          <ul
            className="jsx-354040114 
          optionWrapper
          closeOption
        "
          >
            <li
              className="jsx-354040114 
                  optionStyle
                  
                "
              onClick={[Function]}
              value="1:00"
            >
              1:00
            </li>
            <li
              className="jsx-354040114 
                  optionStyle
                  
                "
              onClick={[Function]}
              value="2:00"
            >
              2:00
            </li>
            <li
              className="jsx-354040114 
                  optionStyle
                  
                "
              onClick={[Function]}
              value="3:00"
            >
              3:00
            </li>
            <li
              className="jsx-354040114 
                  optionStyle
                  
                "
              onClick={[Function]}
              value="4:00"
            >
              4:00
            </li>
            <li
              className="jsx-354040114 
                  optionStyle
                  
                "
              onClick={[Function]}
              value="5:00"
            >
              5:00
            </li>
            <li
              className="jsx-354040114 
                  optionStyle
                  
                "
              onClick={[Function]}
              value="6:00"
            >
              6:00
            </li>
            <li
              className="jsx-354040114 
                  optionStyle
                  
                "
              onClick={[Function]}
              value="7:00"
            >
              7:00
            </li>
            <li
              className="jsx-354040114 
                  optionStyle
                  
                "
              onClick={[Function]}
              value="8:00"
            >
              8:00
            </li>
            <li
              className="jsx-354040114 
                  optionStyle
                  
                "
              onClick={[Function]}
              value="9:00"
            >
              9:00
            </li>
            <li
              className="jsx-354040114 
                  optionStyle
                  
                "
              onClick={[Function]}
              value="10:00"
            >
              10:00
            </li>
            <li
              className="jsx-354040114 
                  optionStyle
                  
                "
              onClick={[Function]}
              value="11:00"
            >
              11:00
            </li>
            <li
              className="jsx-354040114 
                  optionStyle
                  
                "
              onClick={[Function]}
              value="12:00"
            >
              12:00
            </li>
            <li
              className="jsx-354040114 
                  optionStyle
                  
                "
              onClick={[Function]}
              value="13:00"
            >
              13:00
            </li>
            <li
              className="jsx-354040114 
                  optionStyle
                  
                "
              onClick={[Function]}
              value="14:00"
            >
              14:00
            </li>
            <li
              className="jsx-354040114 
                  optionStyle
                  
                "
              onClick={[Function]}
              value="15:00"
            >
              15:00
            </li>
            <li
              className="jsx-354040114 
                  optionStyle
                  
                "
              onClick={[Function]}
              value="16:00"
            >
              16:00
            </li>
            <li
              className="jsx-354040114 
                  optionStyle
                  
                "
              onClick={[Function]}
              value="17:00"
            >
              17:00
            </li>
            <li
              className="jsx-354040114 
                  optionStyle
                  
                "
              onClick={[Function]}
              value="18:00"
            >
              18:00
            </li>
            <li
              className="jsx-354040114 
                  optionStyle
                  
                "
              onClick={[Function]}
              value="19:00"
            >
              19:00
            </li>
            <li
              className="jsx-354040114 
                  optionStyle
                  
                "
              onClick={[Function]}
              value="20:00"
            >
              20:00
            </li>
            <li
              className="jsx-354040114 
                  optionStyle
                  
                "
              onClick={[Function]}
              value="21:00"
            >
              21:00
            </li>
            <li
              className="jsx-354040114 
                  optionStyle
                  
                "
              onClick={[Function]}
              value="22:00"
            >
              22:00
            </li>
            <li
              className="jsx-354040114 
                  optionStyle
                  
                "
              onClick={[Function]}
              value="23:00"
            >
              23:00
            </li>
            <li
              className="jsx-354040114 
                  optionStyle
                  
                "
              onClick={[Function]}
              value="24:00"
            >
              24:00
            </li>
          </ul>
        </div>
      </div>
      <div
        className="jsx-4277715105 smallInputContainer"
      >
        <span
          className="jsx-4277715105 subtitle"
        >
          To
        </span>
        <div
          className="jsx-354040114 selectBoxWrapper"
        >
          <button
            className="jsx-354040114 
            buttonWrapper
            
          "
            onClick={[Function]}
            type="button"
          >
            <span
              className="jsx-354040114 placeholder "
            >
              24:00
            </span>
            <div
              className="jsx-354040114 dropdownIcon"
            />
          </button>
          <ul
            className="jsx-354040114 
          optionWrapper
          closeOption
        "
          >
            <li
              className="jsx-354040114 
                  optionStyle
                  
                "
              onClick={[Function]}
              value="1:00"
            >
              1:00
            </li>
            <li
              className="jsx-354040114 
                  optionStyle
                  
                "
              onClick={[Function]}
              value="2:00"
            >
              2:00
            </li>
            <li
              className="jsx-354040114 
                  optionStyle
                  
                "
              onClick={[Function]}
              value="3:00"
            >
              3:00
            </li>
            <li
              className="jsx-354040114 
                  optionStyle
                  
                "
              onClick={[Function]}
              value="4:00"
            >
              4:00
            </li>
            <li
              className="jsx-354040114 
                  optionStyle
                  
                "
              onClick={[Function]}
              value="5:00"
            >
              5:00
            </li>
            <li
              className="jsx-354040114 
                  optionStyle
                  
                "
              onClick={[Function]}
              value="6:00"
            >
              6:00
            </li>
            <li
              className="jsx-354040114 
                  optionStyle
                  
                "
              onClick={[Function]}
              value="7:00"
            >
              7:00
            </li>
            <li
              className="jsx-354040114 
                  optionStyle
                  
                "
              onClick={[Function]}
              value="8:00"
            >
              8:00
            </li>
            <li
              className="jsx-354040114 
                  optionStyle
                  
                "
              onClick={[Function]}
              value="9:00"
            >
              9:00
            </li>
            <li
              className="jsx-354040114 
                  optionStyle
                  
                "
              onClick={[Function]}
              value="10:00"
            >
              10:00
            </li>
            <li
              className="jsx-354040114 
                  optionStyle
                  
                "
              onClick={[Function]}
              value="11:00"
            >
              11:00
            </li>
            <li
              className="jsx-354040114 
                  optionStyle
                  
                "
              onClick={[Function]}
              value="12:00"
            >
              12:00
            </li>
            <li
              className="jsx-354040114 
                  optionStyle
                  
                "
              onClick={[Function]}
              value="13:00"
            >
              13:00
            </li>
            <li
              className="jsx-354040114 
                  optionStyle
                  
                "
              onClick={[Function]}
              value="14:00"
            >
              14:00
            </li>
            <li
              className="jsx-354040114 
                  optionStyle
                  
                "
              onClick={[Function]}
              value="15:00"
            >
              15:00
            </li>
            <li
              className="jsx-354040114 
                  optionStyle
                  
                "
              onClick={[Function]}
              value="16:00"
            >
              16:00
            </li>
            <li
              className="jsx-354040114 
                  optionStyle
                  
                "
              onClick={[Function]}
              value="17:00"
            >
              17:00
            </li>
            <li
              className="jsx-354040114 
                  optionStyle
                  
                "
              onClick={[Function]}
              value="18:00"
            >
              18:00
            </li>
            <li
              className="jsx-354040114 
                  optionStyle
                  
                "
              onClick={[Function]}
              value="19:00"
            >
              19:00
            </li>
            <li
              className="jsx-354040114 
                  optionStyle
                  
                "
              onClick={[Function]}
              value="20:00"
            >
              20:00
            </li>
            <li
              className="jsx-354040114 
                  optionStyle
                  
                "
              onClick={[Function]}
              value="21:00"
            >
              21:00
            </li>
            <li
              className="jsx-354040114 
                  optionStyle
                  
                "
              onClick={[Function]}
              value="22:00"
            >
              22:00
            </li>
            <li
              className="jsx-354040114 
                  optionStyle
                  
                "
              onClick={[Function]}
              value="23:00"
            >
              23:00
            </li>
            <li
              className="jsx-354040114 
                  optionStyle
                  
                "
              onClick={[Function]}
              value="24:00"
            >
              24:00
            </li>
          </ul>
        </div>
      </div>
    </div>
  </div>
  <div
    className="jsx-4277715105 buttonGroup"
  >
    <div
      className="jsx-4277715105"
    >
      <button
        className="jsx-675350272 
      button
      greenBorderOnly
      small
    "
        onClick={[Function]}
        type="button"
      >
        DELETE
      </button>
    </div>
    <div
      className="jsx-4277715105"
    >
      <button
        className="jsx-675350272 
      button
      greenBorderOnly
      small
    "
        onClick={[Function]}
        type="button"
      >
        CANCEL
      </button>
    </div>
    <div
      className="jsx-4277715105"
    >
      <button
        className="jsx-675350272 
      button
      primary
      small
    "
        onClick={[Function]}
        type="button"
      >
        SAVE
      </button>
    </div>
  </div>
</div>
`;
