// Jest Snapshot v1, https://goo.gl/fbAQLP

exports[`Pages With Snapshot Testing snapshot DeliveryList Component 1`] = `
<div
  className="jsx-3276886482"
>
  <div
    className="jsx-3276886482 header"
  >
    <span
      className="jsx-3276886482 title"
    >
      Delivery List
    </span>
    <div
      className="jsx-3276886482 addButton"
      onClick={[Function]}
      role="link"
      tabIndex="-1"
    >
      <i
        aria-hidden="true"
        className="jsx-3276886482 fa fa-plus plus-icon"
      />
    </div>
  </div>
  <div
    className="jsx-3276886482 deliveryList"
  >
    <div
      className="jsx-3276886482 delivery-item"
    >
      <div
        className="jsx-3276886482 delivery-content"
      >
        <p
          className="jsx-3276886482 delivery-title"
        >
          Rakuten Crimson House
        </p>
        <p
          className="jsx-3276886482 delivery-detail"
        >
          <span
            className="jsx-3276886482 delivery-subtext"
          >
            Shipping Cost:
          </span>
        </p>
      </div>
      <div
        className="jsx-3276886482 buttonWrapper"
      >
        <button
          className="jsx-675350272 
      button
      primary
      small
    "
          onClick={[Function]}
          type="button"
        >
          UPDATE
        </button>
      </div>
    </div>
  </div>
</div>
`;
