// Jest Snapshot v1, https://goo.gl/fbAQLP

exports[`Pages With Snapshot Testing snapshot DeliveryPage Component 1`] = `
<div
  className="jsx-2324603393 alert-modal-overlay"
>
  <div
    className="jsx-2324603393 alert-modal"
  >
    <header
      className="jsx-2324603393 alert-modal-header"
    >
      <img
        alt="logo"
        className="jsx-2324603393 alert-modal-logo"
        src="../static/svg/mechef_logo.svg"
      />
      <i
        aria-hidden="true"
        className="jsx-2324603393 fa fa-times cancel-btn fa-2x"
        onClick={[Function]}
      />
    </header>
    <section
      className="jsx-2324603393 alert-modal-body"
    >
      <p
        className="jsx-2324603393 alert-title"
      >
        Error
      </p>
      <p
        className="jsx-2324603393 alert-message"
      >
        Something Wrong
      </p>
      <p
        className="jsx-2324603393 alert-bottom-style"
      />
    </section>
  </div>
</div>
`;
