// Jest Snapshot v1, https://goo.gl/fbAQLP

exports[`Pages With Snapshot Testing snapshot DeliveryPage Component 1`] = `
<div
  className="jsx-2599036527 alert-modal-overlay"
>
  <div
    className="jsx-2599036527 alert-modal"
  >
    <header
      className="jsx-2599036527 alert-modal-header"
    >
      <img
        alt="logo"
        className="jsx-2599036527 alert-modal-logo"
        src="../static/svg/mechef_logo_white.svg"
      />
      <div
        className="jsx-2599036527 cancelBtnWrapper"
      >
        <button
          className="jsx-2599036527 cancel-btn"
          onClick={[Function]}
        >
          ×
        </button>
      </div>
    </header>
    <section
      className="jsx-2599036527 alert-modal-body"
    >
      <h2
        className="jsx-2599036527 alert-title"
      >
        Error
      </h2>
      <p
        className="jsx-2599036527 alert-message"
      >
        Something Wrong
      </p>
      <p
        className="jsx-2599036527 alert-bottom-style"
      />
    </section>
  </div>
</div>
`;
