// Jest Snapshot v1, https://goo.gl/fbAQLP

exports[`Pages With Snapshot Testing snapshot DeliveryPage Component 1`] = `
<Translate(Home)
  account={
    Object {
      "currentAccount": Object {
        "coverPhoto": "",
        "email": "",
        "firstName": "",
        "kitchenDescription": "",
        "kitchenName": "",
        "lastName": "",
        "name": "",
        "phoneNumber": "",
        "profileImage": "",
      },
      "updatedFields": Object {},
    }
  }
  createCoverPhoto$={[Function]}
  createOrder$={[Function]}
  createProfileImage$={[Function]}
  error={
    Object {
      "isShowModal": false,
      "message": "",
      "title": "",
    }
  }
  fetchAccountDetail$={[Function]}
  fetchOrders$={[Function]}
  order={
    Object {
      "isLoading": false,
      "orderList": Array [],
    }
  }
  setError$={[Function]}
  setFields$={[Function]}
  setLoading$={[Function]}
  updateAccountDetail$={[Function]}
  updateOrderState$={[Function]}
/>
`;
