// Jest Snapshot v1, https://goo.gl/fbAQLP

exports[`Pages With Snapshot Testing snapshot IngredientList Component 1`] = `
<div
  className="jsx-1552839758"
>
  <div
    className="jsx-1552839758 header"
  >
    <span
      className="jsx-1552839758 title"
    >
      Ingredients List
    </span>
    <div
      className="jsx-1552839758 addButton"
      onClick={[Function]}
      role="link"
      tabIndex="-1"
    >
      <i
        aria-hidden="true"
        className="jsx-1552839758 fa fa-plus plus-icon"
      />
    </div>
  </div>
  <div
    className="jsx-1552839758 ingredientList"
  >
    <div
      className="jsx-1552839758 ingredient-item"
    >
      <div
        className="jsx-1552839758 ingredient-content"
      >
        <p
          className="jsx-1552839758 ingredient-title"
        >
          bible memo
        </p>
        <p
          className="jsx-1552839758 ingredient-detail"
        >
          <span
            className="jsx-1552839758 ingredient-subtext"
          >
            Ingredient: 
            1
          </span>
          <span
            className="jsx-1552839758 ingredient-subtext"
          >
            Total: 
            $100
          </span>
        </p>
      </div>
      <div
        className="jsx-1552839758 buttonWrapper"
      >
        <button
          className="jsx-675350272 
      button
      primary
      small
    "
          onClick={[Function]}
          type="button"
        >
          UPDATE
        </button>
      </div>
    </div>
  </div>
</div>
`;
