// Jest Snapshot v1, https://goo.gl/fbAQLP

exports[`Pages With Snapshot Testing snapshot IngredientList Component 1`] = `
<div
  className="jsx-3175717653"
>
  <div
    className="jsx-3175717653 header"
  >
    <span
      className="jsx-3175717653 title"
    >
      Ingredients List
    </span>
    <button
      className="jsx-3175717653 addButton"
      onClick={[Function]}
    >
      <div
        className="jsx-3175717653 plus"
      />
    </button>
  </div>
  <div
    className="jsx-3175717653 ingredientList"
  >
    <div
      className="jsx-3175717653 ingredient-item"
    >
      <div
        className="jsx-3175717653 ingredient-content"
      >
        <p
          className="jsx-3175717653 ingredient-title"
        >
          bible memo
        </p>
        <p
          className="jsx-3175717653 ingredient-detail"
        >
          <span
            className="jsx-3175717653 ingredient-subtext"
          >
            Ingredient: 
            1
          </span>
          <span
            className="jsx-3175717653 ingredient-subtext"
          >
            Total: 
            $100
          </span>
        </p>
      </div>
      <div
        className="jsx-3175717653 buttonWrapper"
      >
        <button
          className="jsx-675350272 
      button
      primary
      small
    "
          onClick={[Function]}
          type="button"
        >
          UPDATE
        </button>
      </div>
    </div>
  </div>
</div>
`;
