// Jest Snapshot v1, https://goo.gl/fbAQLP

exports[`Pages With Snapshot Testing snapshot IngredientPage Component 1`] = `
<div
  className="jsx-2726819105 container"
>
  <div
    className="jsx-3731210381"
  >
    <div
      className="jsx-3731210381 header"
    >
      <span
        className="jsx-3731210381 title"
      >
        Ingredients List
      </span>
      <div
        className="jsx-3731210381 addButton"
        onClick={[Function]}
        role="link"
        tabIndex="-1"
      >
        <i
          aria-hidden="true"
          className="jsx-3731210381 fa fa-plus plus-icon"
        />
      </div>
    </div>
    <div
      className="jsx-3731210381 ingredient-list"
    >
      <div
        className="jsx-3731210381 ingredient-item"
      >
        <div
          className="jsx-3731210381 ingredient-content"
        >
          <p
            className="jsx-3731210381 ingredient-title"
          >
            bible memo
          </p>
          <p
            className="jsx-3731210381 ingredient-detail"
          >
            <span
              className="jsx-3731210381 ingredient-subtext"
            >
              Ingredient: 
              1
            </span>
            <span
              className="jsx-3731210381 ingredient-subtext"
            >
              Total: 
              $100
            </span>
          </p>
        </div>
        <button
          className="jsx-675350272 
      button
      primary
      small
    "
          onClick={[Function]}
          type="button"
        >
          UPDATE
        </button>
      </div>
    </div>
  </div>
</div>
`;
