// Jest Snapshot v1, https://goo.gl/fbAQLP

exports[`Pages With Snapshot Testing snapshot IngredientPage Component 1`] = `
<DashboardContentLayout>
  <IngredientList
    memos={
      Array [
        Object {
          "_id": "59d054c8a70e5b90e75111b8",
          "ingredients": Array [
            Object {
              "amount": "1234",
              "name": "ingredient2",
            },
          ],
          "name": "bible memo",
          "sum": "100",
        },
      ]
    }
    onDeleteMemo={[Function]}
    onEditMemo={[Function]}
    t={undefined}
  />
  <JSXStyle
    css=".textSection.__jsx-style-dynamic-selector{display:-webkit-box;display:-webkit-flex;display:-ms-flexbox;display:flex;-webkit-flex-direction:column;-ms-flex-direction:column;flex-direction:column;-webkit-align-items:center;-webkit-box-align:center;-ms-flex-align:center;align-items:center;padding-top:31px;}.title.__jsx-style-dynamic-selector{font-family:'Playball',cursive;font-size:2.4rem;color:#4a4a4a;}.description.__jsx-style-dynamic-selector{width:315px;display:-webkit-box;display:-webkit-flex;display:-ms-flexbox;display:flex;-webkit-box-pack:center;-webkit-justify-content:center;-ms-flex-pack:center;justify-content:center;line-height:1.5;font-size:1.6rem;text-align:center;color:#4a4a4a;}.addDish.__jsx-style-dynamic-selector{border:0;padding:0;margin-top:70px;background-color:#ffffff;color:#3e9f40;font-size:1.6rem;margin:auto;cursor:pointer;outline:none;}.addDish.__jsx-style-dynamic-selector:hover{color:#367d36;}"
    dynamic={
      Array [
        "#4a4a4a",
        "#4a4a4a",
        "#ffffff",
        "#3e9f40",
        "#367d36",
      ]
    }
    styleId="1443653973"
  />
</DashboardContentLayout>
`;
