// Jest Snapshot v1, https://goo.gl/fbAQLP

exports[`Pages With Snapshot Testing snapshot IngredientEdit Component 1`] = `
<div
  className="jsx-21506497 dashboard-content"
>
  <p
    className="jsx-21506497 dashboard-content__title"
  >
    Edit Ingredients
  </p>
  <div
    className="jsx-21506497 edit-ingredient"
  >
    <p
      className="jsx-21506497 edit-ingredient__title"
    >
      List Name*
    </p>
    <p
      className="jsx-21506497 edit-ingredient__explanation"
    >
      The number of characters is limited to 50.
    </p>
    <p
      className="jsx-21506497 edit-ingredient__input"
    >
      <input
        className="jsx-21506497 edit-ingredient__input-name"
        onChange={[Function]}
        type="text"
        value="bible memo"
      />
    </p>
    <div
      className="jsx-21506497 edit-ingredient__choose-ingredient"
    >
      <p
        className="jsx-21506497 edit-ingredient__title"
      >
        Ingredients
      </p>
      <p
        className="jsx-21506497 edit-ingredient__explanation"
      >
        <span
          className="jsx-21506497 edit-ingredient__explanation-text"
        >
          Choose Ingredients.
        </span>
        <span
          className="jsx-21506497 edit-ingredient__explanation-total"
        >
          Total:
        </span>
        <span
          className="jsx-21506497 edit-ingredient__explanation-cost"
        >
          $ 
          100
        </span>
      </p>
      <p
        className="jsx-21506497 edit-ingredient__input"
      >
        <div
          className="jsx-21506497 edit-ingredient__input-medium-wrapper"
        >
          <input
            className="jsx-21506497 edit-ingredient__input-name"
            onChange={[Function]}
            placeholder="Enter Ingredients...."
            type="text"
          />
        </div>
        <div
          className="jsx-21506497 edit-ingredient__input-small-wrapper"
        >
          <input
            className="jsx-21506497 edit-ingredient__input-name"
            onChange={[Function]}
            type="text"
          />
          <span
            className="jsx-21506497 edit-ingredient__add-btn"
            onClick={[Function]}
            role="button"
            tabIndex="-1"
          >
            <i
              aria-hidden="true"
              className="jsx-21506497 fa fa-plus "
            />
          </span>
        </div>
      </p>
      <div
        className="jsx-21506497 ingredients"
      >
        <span
          className="jsx-21506497 ingredients__name"
        >
          ingredient2
        </span>
        <span
          className="jsx-21506497 ingredients__cost"
        >
          $ 
          1234
        </span>
        <span
          className="jsx-21506497 ingredients__remove-btn"
          onClick={[Function]}
          role="button"
          tabIndex="-1"
        >
          X
        </span>
      </div>
    </div>
  </div>
  <div
    className="jsx-21506497 buttonGroup"
  >
    <span
      className="jsx-21506497 secondaryBtn"
      onClick={[Function]}
      role="button"
      tabIndex="-1"
    >
      DELETE
    </span>
    <span
      className="jsx-21506497 secondaryBtn"
      onClick={[Function]}
      role="button"
      tabIndex="-1"
    >
      CANCEL
    </span>
    <span
      className="jsx-21506497 primaryBtn"
      onClick={[Function]}
      role="button"
      tabIndex="-1"
    >
      SAVE
    </span>
  </div>
</div>
`;
