// Jest Snapshot v1, https://goo.gl/fbAQLP

exports[`Pages With Snapshot Testing snapshot IngredientEdit Component 1`] = `
<div
  className="jsx-399955778 dashboard-content"
>
  <p
    className="jsx-399955778 dashboard-content__title"
  >
    Edit Ingredients
  </p>
  <div
    className="jsx-399955778 edit-ingredient"
  >
    <p
      className="jsx-399955778 edit-ingredient__title"
    >
      List Name*
    </p>
    <p
      className="jsx-399955778 edit-ingredient__explanation"
    >
      The number of characters is limited to 50.
    </p>
    <p
      className="jsx-399955778 edit-ingredient__input"
    >
      <div
        className="jsx-3090447383"
      >
        <input
          className="jsx-3090447383 
        textInput
        medium
      "
          onChange={[Function]}
          placeholder="Input memo name"
          type="text"
          value="bible memo"
        />
      </div>
    </p>
    <div
      className="jsx-399955778 edit-ingredient__choose-ingredient"
    >
      <p
        className="jsx-399955778 edit-ingredient__title"
      >
        Ingredients
      </p>
      <p
        className="jsx-399955778 edit-ingredient__explanation"
      >
        <span
          className="jsx-399955778 edit-ingredient__explanation-text"
        >
          Choose Ingredients.
        </span>
        <span
          className="jsx-399955778 edit-ingredient__explanation-total"
        >
          Total:
        </span>
        <span
          className="jsx-399955778 edit-ingredient__explanation-cost"
        >
          $ 
          100
        </span>
      </p>
      <p
        className="jsx-399955778 edit-ingredient__input"
      >
        <div
          className="jsx-399955778 edit-ingredient__input-medium-wrapper"
        >
          <div
            className="jsx-3090447383"
          >
            <input
              className="jsx-3090447383 
        textInput
        medium
      "
              onChange={[Function]}
              placeholder="Enter Ingredients..."
              type="text"
              value=""
            />
          </div>
        </div>
        <div
          className="jsx-399955778 edit-ingredient__input-small-wrapper"
        >
          <div
            className="jsx-3090447383"
          >
            <input
              className="jsx-3090447383 
        textInput
        medium
      "
              onChange={[Function]}
              placeholder="Input Price"
              type="text"
              value={0}
            />
          </div>
          <span
            className="jsx-399955778 edit-ingredient__add-btn"
            onClick={[Function]}
            role="button"
            tabIndex="-1"
          >
            <i
              aria-hidden="true"
              className="jsx-399955778 fa fa-plus "
            />
          </span>
        </div>
      </p>
      <div
        className="jsx-399955778 ingredients"
      >
        <span
          className="jsx-399955778 ingredients__name"
        >
          ingredient2
        </span>
        <span
          className="jsx-399955778 ingredients__cost"
        >
          $ 
          1234
        </span>
        <span
          className="jsx-399955778 ingredients__remove-btn"
          onClick={[Function]}
          role="button"
          tabIndex="-1"
        >
          X
        </span>
      </div>
    </div>
  </div>
  <div
    className="jsx-399955778 buttonGroup"
  >
    <div
      className="jsx-399955778"
    >
      <button
        className="jsx-675350272 
      button
      greenBorderOnly
      small
    "
        onClick={[Function]}
        type="button"
      >
        DELETE
      </button>
    </div>
    <div
      className="jsx-399955778"
    >
      <button
        className="jsx-675350272 
      button
      greenBorderOnly
      small
    "
        onClick={[Function]}
        type="button"
      >
        CANCEL
      </button>
    </div>
    <div
      className="jsx-399955778"
    >
      <button
        className="jsx-675350272 
      button
      primary
      small
    "
        onClick={[Function]}
        type="button"
      >
        SAVE
      </button>
    </div>
  </div>
</div>
`;
