// Jest Snapshot v1, https://goo.gl/fbAQLP

exports[`Pages With Snapshot Testing snapshot TextInput Component 1`] = `
<div
  className="jsx-1312265158 container"
>
  <div
    className="jsx-1312265158 inputWrapper"
  >
    <input
      className="jsx-1312265158 
              textInput
              small
              
            "
      maxLength={50}
      onBlur={[Function]}
      onChange={[Function]}
      onKeyPress={[Function]}
      pattern="."
      placeholder=""
      type="text"
      value=""
    />
  </div>
  <div
    className="jsx-1312265158 errorWrapper"
  >
    <span
      className="jsx-1312265158"
    >
      
    </span>
  </div>
</div>
`;
