// Jest Snapshot v1, https://goo.gl/fbAQLP

exports[`Pages With Snapshot Testing snapshot dashboard page 1`] = `
<Connect
  global={
    Object {
      "backArrow": Object {
        "isShow": false,
        "title": "",
      },
    }
  }
  router={
    Object {
      "query": Object {
        "page": "menu",
      },
    }
  }
  toggleBackArrow$={[Function]}
/>
`;
