// Jest Snapshot v1, https://goo.gl/fbAQLP

exports[`Pages With Snapshot Testing snapshot dashboard page 1`] = `
<div
  className="jsx-3315052040 dashboard"
>
  <input
    className="jsx-3315052040"
    hidden={true}
    id="dashboard-header__menu-toggle"
    type="checkbox"
  />
  <div
    className="jsx-3315052040 dashboard__left"
  >
    <div
      className="jsx-3315052040 dashboard-sidebar"
    >
      <div
        className="jsx-3315052040 dashboard-sidebar__inner"
      >
        <img
          alt="logo"
          className="jsx-3315052040"
          src="../static/svg/mechef_logo_white.svg"
        />
        <ul
          className="jsx-3315052040 dashboard-sidebar__menu"
        >
          <li
            className="jsx-3315052040 "
            onClick={[Function]}
            role="menuitem"
          >
            HOME
          </li>
          <li
            className="jsx-3315052040 "
            onClick={[Function]}
            role="menuitem"
          >
            MENU
          </li>
          <li
            className="jsx-3315052040 "
            onClick={[Function]}
            role="menuitem"
            tabIndex="-1"
          >
            ORDERS
          </li>
          <li
            className="jsx-3315052040 "
            onClick={[Function]}
            role="menuitem"
            tabIndex="-1"
          >
            INGREDIENTS
          </li>
          <li
            className="jsx-3315052040 "
            onClick={[Function]}
            role="menuitem"
            tabIndex="-1"
          >
            SHIPPING
          </li>
          <li
            className="jsx-3315052040 "
            onClick={[Function]}
            role="menuitem"
            tabIndex="-1"
          >
            ACCOUNT
          </li>
          <li
            className="jsx-3315052040 "
            onClick={[Function]}
            role="menuitem"
            tabIndex="-1"
          >
            SETTINGS
          </li>
        </ul>
        <ul
          className="jsx-3315052040 dashboard-sidebar__footer"
        >
          <li
            className="jsx-3315052040"
          >
            Service Agreement
          </li>
          <li
            className="jsx-3315052040"
          >
            Privacy Policy
          </li>
          <li
            className="jsx-3315052040"
          >
            Service
          </li>
          <li
            className="jsx-3315052040"
          >
            About us
          </li>
          <li
            className="jsx-3315052040"
          >
            Contact us
          </li>
          <li
            className="jsx-3315052040"
          >
            Version 1.0
          </li>
          <li
            className="jsx-3315052040"
          >
            @Mechef 2017
          </li>
        </ul>
      </div>
    </div>
  </div>
  <div
    className="jsx-3315052040 dashboard__right"
  >
    <div
      className="jsx-3315052040 dashboard-header"
    >
      <div
        className="jsx-3315052040 dashboard-header__wrapper"
      >
        <div
          className="jsx-3315052040 menuWrapper"
        >
          <label
            className="jsx-3315052040 dashboard-header__menu"
            htmlFor="dashboard-header__menu-toggle"
          >
            <div
              className="jsx-3315052040 drawerMenu"
            />
          </label>
          <span
            className="jsx-3315052040 dashboard-header__title"
          >
            MENU
          </span>
        </div>
        <div
          className="jsx-3315052040 dashboard-header__user-profile"
        >
          <div
            className="jsx-3315052040 dashboard-header__user-head"
          />
          <div
            className="jsx-3315052040 dashboard-header__user-head"
          />
          <div
            className="jsx-3315052040 dashboard-header__user-head"
          />
        </div>
      </div>
    </div>
    <div
      className="jsx-1306722454 homeContainer"
    >
      <div
        className="jsx-1306722454 dashboard-content__header"
      />
      <p
        className="jsx-1306722454 sellerId"
      >
        @MomooKitchen
      </p>
      <p
        className="jsx-1306722454 sellerName"
      >
        @MomooKitchen
      </p>
      <div
        className="jsx-1306722454 orderTable"
      >
        <p
          className="jsx-1306722454 orderTableTitle"
        >
          <span
            className="jsx-1306722454 titleText"
          >
            ORDERS
          </span>
          <span
            className="jsx-1306722454 orderCount"
          >
            <span
              className="jsx-1306722454 orderCountNum"
            >
              14
            </span>
          </span>
        </p>
        <div
          className="jsx-1306722454 header"
        >
          <div
            className="jsx-1306722454 firstCell"
          >
            Delivery Time
          </div>
          <div
            className="jsx-1306722454 secondCell"
          >
            Buyer‘s Name
          </div>
          <div
            className="jsx-1306722454 thirdCell"
          >
            Order Name
          </div>
          <div
            className="jsx-1306722454 fourthCell"
          >
            Quantity
          </div>
        </div>
      </div>
    </div>
  </div>
</div>
`;
