// Jest Snapshot v1, https://goo.gl/fbAQLP

exports[`Pages With Snapshot Testing snapshot dashboard page 1`] = `
<div
  className="jsx-1189005922 dashboard"
>
  <input
    className="jsx-1189005922"
    hidden={true}
    id="dashboard-header__menu-toggle"
    type="checkbox"
  />
  <div
    className="jsx-1189005922 dashboard__left"
  >
    <div
      className="jsx-1189005922 dashboard-sidebar"
    >
      <div
        className="jsx-1189005922 dashboard-sidebar__inner"
      >
        <img
          alt="logo"
          className="jsx-1189005922"
          src="../static/logo.png"
        />
        <ul
          className="jsx-1189005922 dashboard-sidebar__menu"
        >
          <li
            className="jsx-1189005922 active"
          >
            <a
              className="jsx-1189005922"
              href="/dashboard"
              onClick={[Function]}
            >
              HOME
            </a>
          </li>
          <li
            className="jsx-1189005922 "
          >
            <a
              className="jsx-1189005922"
              href="/menu"
              onClick={[Function]}
            >
              MENU
            </a>
          </li>
          <li
            className="jsx-1189005922 "
          >
            <a
              className="jsx-1189005922"
              onClick={[Function]}
              role="link"
              tabIndex="-1"
            >
              ORDERS
            </a>
          </li>
          <li
            className="jsx-1189005922 "
          >
            <a
              className="jsx-1189005922"
              onClick={[Function]}
              role="link"
              tabIndex="-1"
            >
              INGREDIENTS
            </a>
          </li>
          <li
            className="jsx-1189005922 "
          >
            <a
              className="jsx-1189005922"
              onClick={[Function]}
              role="link"
              tabIndex="-1"
            >
              SHIPPING
            </a>
          </li>
          <li
            className="jsx-1189005922 "
          >
            <a
              className="jsx-1189005922"
              onClick={[Function]}
              role="link"
              tabIndex="-1"
            >
              ACCOUNT
            </a>
          </li>
          <li
            className="jsx-1189005922 "
          >
            <a
              className="jsx-1189005922"
              href="/setting"
              onClick={[Function]}
            >
              SETTINGS
            </a>
          </li>
        </ul>
        <ul
          className="jsx-1189005922 dashboard-sidebar__footer"
        >
          <li
            className="jsx-1189005922"
          >
            <a
              className="jsx-1189005922"
            >
              Service Agreement
            </a>
          </li>
          <li
            className="jsx-1189005922"
          >
            <a
              className="jsx-1189005922"
            >
              Privacy Policy
            </a>
          </li>
          <li
            className="jsx-1189005922"
          >
            <a
              className="jsx-1189005922"
            >
              Service
            </a>
          </li>
          <li
            className="jsx-1189005922"
          >
            <a
              className="jsx-1189005922"
            >
              About us
            </a>
          </li>
          <li
            className="jsx-1189005922"
          >
            <a
              className="jsx-1189005922"
            >
              Contact us
            </a>
          </li>
          <li
            className="jsx-1189005922"
          >
            <a
              className="jsx-1189005922"
            >
              Version 1.0
            </a>
          </li>
          <li
            className="jsx-1189005922"
          >
            <a
              className="jsx-1189005922"
            >
              @Mechef 2017
            </a>
          </li>
        </ul>
      </div>
    </div>
  </div>
  <div
    className="jsx-1189005922 dashboard__right"
  >
    <div
      className="jsx-1189005922 dashboard-header"
    >
      <div
        className="jsx-1189005922 dashboard-header__wrapper"
      >
        <label
          className="jsx-1189005922 dashboard-header__menu"
          htmlFor="dashboard-header__menu-toggle"
        >
          <i
            aria-hidden="true"
            className="jsx-1189005922 fa fa-bars dashboard-header__icon"
          />
          <span
            className="jsx-1189005922 dashboard-header__title"
          >
            MENU
          </span>
        </label>
        <div
          className="jsx-1189005922 dashboard-header__user-profile"
        >
          <div
            className="jsx-1189005922 dashboard-header__user-head"
          />
          <div
            className="jsx-1189005922 dashboard-header__user-head"
          />
          <div
            className="jsx-1189005922 dashboard-header__user-head"
          />
        </div>
      </div>
    </div>
    <div
      className="homeContainer"
      data-jsx={3874687171}
    >
      <div
        className="dashboard-content__header"
        data-jsx={3874687171}
      />
      <p
        className="sellerId"
        data-jsx={3874687171}
      >
        @MomooKitchen
      </p>
      <p
        className="sellerName"
        data-jsx={3874687171}
      >
        @MomooKitchen
      </p>
      <div
        className="orderTable"
        data-jsx={3874687171}
      >
        <p
          className="orderTableTitle"
          data-jsx={3874687171}
        >
          <span
            className="titleText"
            data-jsx={3874687171}
          >
            ORDERS
          </span>
          <span
            className="orderCount"
            data-jsx={3874687171}
          >
            <span
              className="orderCountNum"
              data-jsx={3874687171}
            >
              14
            </span>
          </span>
        </p>
        <div
          className="header"
          data-jsx={3874687171}
        >
          <div
            className="firstCell"
            data-jsx={3874687171}
          >
            Delivery Time
          </div>
          <div
            className="secondCell"
            data-jsx={3874687171}
          >
            Buyer‘s Name
          </div>
          <div
            className="thirdCell"
            data-jsx={3874687171}
          >
            Order Name
          </div>
          <div
            className="fourthCell"
            data-jsx={3874687171}
          >
            Quantity
          </div>
        </div>
      </div>
    </div>
  </div>
</div>
`;
