// Jest Snapshot v1, https://goo.gl/fbAQLP

exports[`Pages With Snapshot Testing snapshot login page 1`] = `
<Translate(Login)
  auth={
    Object {
      "email": "",
      "password": "",
    }
  }
  error={
    Object {
      "isShowModal": false,
      "message": "",
      "title": "",
    }
  }
  global={
    Object {
      "backArrow": Object {
        "isShow": false,
        "title": "",
      },
      "isShowSpinner": false,
    }
  }
  login$={[Function]}
  setError$={[Function]}
  setLoginField$={[Function]}
/>
`;
