// Jest Snapshot v1, https://goo.gl/fbAQLP

exports[`Pages With Snapshot Testing snapshot login page 1`] = `
<div
  className="jsx-2449464745"
>
  <nav
    className="jsx-2813643019 mechef-navbar"
  >
    <img
      alt="logo"
      className="jsx-2813643019 mechef-navbar-logo"
      src="../static/food.png"
    />
    <div
      className="jsx-2813643019 mechef-navbar-collapse"
    >
      <ul
        className="jsx-2813643019 mechef-navbar-nav"
      >
        <li
          className="jsx-2813643019 "
        >
          HOW IT WORKS
        </li>
        <li
          className="jsx-2813643019 active"
        >
          JOIN NOW
        </li>
      </ul>
    </div>
  </nav>
  <div
    className="jsx-2449464745 login-panel"
  >
    <div
      className="jsx-2449464745 login-form"
    >
      <div
        className="jsx-2449464745 login-btn splits"
      >
        <p
          className="jsx-2449464745 splits-title"
        >
          Have an account?
        </p>
        <h1
          className="jsx-2449464745"
        >
          Test
        </h1>
        <button
          className="jsx-675350272 
      button
      whiteBorderOnly
      small
    "
          onClick={[Function]}
          type="button"
        >
          SIGN IN
        </button>
      </div>
      <div
        className="jsx-2449464745 rgstr-btn splits"
      >
        <p
          className="jsx-2449464745 splits-title"
        >
          Dont have an account?
        </p>
        <button
          className="jsx-675350272 
      button
      whiteBorderOnly
      small
    "
          onClick={[Function]}
          type="button"
        >
          JOIN NOW
        </button>
      </div>
      <div
        className="jsx-2449464745 wrapper "
      >
        <div
          className="jsx-2449464745 login"
        >
          <p
            className="jsx-2449464745 title"
          >
            SIGN IN
          </p>
          <div
            className="jsx-2449464745 mail"
          >
            <input
              className="jsx-2449464745"
              onChange={[Function]}
              placeholder="Mail or Username"
              type="mail"
              value=""
            />
          </div>
          <div
            className="jsx-2449464745 passwd"
          >
            <input
              className="jsx-2449464745"
              onChange={[Function]}
              placeholder="Password"
              type="password"
              value=""
            />
          </div>
          <button
            className="jsx-675350272 
      button
      primary
      medium
    "
            onClick={[Function]}
            type="button"
          >
            SIGN IN
          </button>
        </div>
        <div
          className="jsx-2449464745 register"
        >
          <p
            className="jsx-2449464745 title"
          >
            Be a Chef today!
          </p>
          <input
            className="jsx-2449464745"
            name=""
            onChange={[Function]}
            placeholder="First Name"
            type="text"
            value=""
          />
          <input
            className="jsx-2449464745"
            onChange={[Function]}
            placeholder="Last Name"
            type="text"
            value=""
          />
          <input
            className="jsx-2449464745"
            onChange={[Function]}
            placeholder="Password"
            type="tel"
            value=""
          />
          <input
            className="jsx-2449464745"
            onChange={[Function]}
            placeholder="Email Address"
            type="mail"
            value=""
          />
          <div
            className="jsx-2449464745 wrapper__submit"
          >
            <button
              className="jsx-2449464745"
              onClick={[Function]}
              size="medium"
              type="primary"
            >
              JOIN NOW
            </button>
          </div>
          <div
            className="jsx-2449464745 wrapper__note"
          >
            <span
              className="jsx-2449464745"
            >
              If you click JOIN NOW, it means you agree with terms of service.
            </span>
          </div>
        </div>
      </div>
    </div>
  </div>
</div>
`;
